// Jest Snapshot v1, https://goo.gl/fbAQLP

exports[`PosterContainer component should render PosterContainer component 1`] = `ShallowWrapper {}`;
