// Jest Snapshot v1, https://goo.gl/fbAQLP

exports[`should render Categories component should render Categories snapshot 1`] = `
<div
  className="MuiTabs-root categories"
>
  <div
    className="MuiTabs-scroller MuiTabs-fixed"
    onScroll={[Function]}
    style={
      Object {
        "marginBottom": null,
        "overflow": "hidden",
      }
    }
  >
    <div
      className="MuiTabs-flexContainer"
      onKeyDown={[Function]}
      role="tablist"
    >
      <button
        aria-selected={true}
        className="MuiButtonBase-root MuiTab-root MuiTab-textColorPrimary makeStyles-root-1 Mui-selected"
        disabled={false}
        onBlur={[Function]}
        onClick={[Function]}
        onDragLeave={[Function]}
        onFocus={[Function]}
        onKeyDown={[Function]}
        onKeyUp={[Function]}
        onMouseDown={[Function]}
        onMouseLeave={[Function]}
        onMouseUp={[Function]}
        onTouchEnd={[Function]}
        onTouchMove={[Function]}
        onTouchStart={[Function]}
        role="tab"
        tabIndex={0}
        type="button"
      >
        <span
          className="MuiTab-wrapper"
        >
          All
        </span>
        <span
          className="PrivateTabIndicator-root-2 PrivateTabIndicator-colorPrimary-3 MuiTabs-indicator"
          style={Object {}}
        />
      </button>
      <button
        aria-selected={false}
        className="MuiButtonBase-root MuiTab-root MuiTab-textColorPrimary makeStyles-root-1"
        disabled={false}
        onBlur={[Function]}
        onClick={[Function]}
        onDragLeave={[Function]}
        onFocus={[Function]}
        onKeyDown={[Function]}
        onKeyUp={[Function]}
        onMouseDown={[Function]}
        onMouseLeave={[Function]}
        onMouseUp={[Function]}
        onTouchEnd={[Function]}
        onTouchMove={[Function]}
        onTouchStart={[Function]}
        role="tab"
        tabIndex={-1}
        type="button"
      >
        <span
          className="MuiTab-wrapper"
        >
          Documentary
        </span>
      </button>
      <button
        aria-selected={false}
        className="MuiButtonBase-root MuiTab-root MuiTab-textColorPrimary makeStyles-root-1"
        disabled={false}
        onBlur={[Function]}
        onClick={[Function]}
        onDragLeave={[Function]}
        onFocus={[Function]}
        onKeyDown={[Function]}
        onKeyUp={[Function]}
        onMouseDown={[Function]}
        onMouseLeave={[Function]}
        onMouseUp={[Function]}
        onTouchEnd={[Function]}
        onTouchMove={[Function]}
        onTouchStart={[Function]}
        role="tab"
        tabIndex={-1}
        type="button"
      >
        <span
          className="MuiTab-wrapper"
        >
          Comedy
        </span>
      </button>
      <button
        aria-selected={false}
        className="MuiButtonBase-root MuiTab-root MuiTab-textColorPrimary makeStyles-root-1"
        disabled={false}
        onBlur={[Function]}
        onClick={[Function]}
        onDragLeave={[Function]}
        onFocus={[Function]}
        onKeyDown={[Function]}
        onKeyUp={[Function]}
        onMouseDown={[Function]}
        onMouseLeave={[Function]}
        onMouseUp={[Function]}
        onTouchEnd={[Function]}
        onTouchMove={[Function]}
        onTouchStart={[Function]}
        role="tab"
        tabIndex={-1}
        type="button"
      >
        <span
          className="MuiTab-wrapper"
        >
          Horror
        </span>
      </button>
      <button
        aria-selected={false}
        className="MuiButtonBase-root MuiTab-root MuiTab-textColorPrimary makeStyles-root-1"
        disabled={false}
        onBlur={[Function]}
        onClick={[Function]}
        onDragLeave={[Function]}
        onFocus={[Function]}
        onKeyDown={[Function]}
        onKeyUp={[Function]}
        onMouseDown={[Function]}
        onMouseLeave={[Function]}
        onMouseUp={[Function]}
        onTouchEnd={[Function]}
        onTouchMove={[Function]}
        onTouchStart={[Function]}
        role="tab"
        tabIndex={-1}
        type="button"
      >
        <span
          className="MuiTab-wrapper"
        >
          Crime
        </span>
      </button>
    </div>
  </div>
</div>
`;
